Hugo_Symbol	Entrez_Gene_Id	Center	NCBI_Build	Chromosome	Start_Position	End_Position	Strand	Variant_Classification	Variant_Type	Reference_Allele	Tumor_Seq_Allele1	Tumor_Seq_Allele2	dbSNP_RS	dbSNP_Val_Status	Tumor_Sample_Barcode	Matched_Norm_Sample_Barcode	Match_Norm_Seq_Allele1	Match_Norm_Seq_Allele2	Tumor_Validation_Allele1	Tumor_Validation_Allele2	Match_Norm_Validation_Allele1	Match_Norm_Validation_Allele2	Verification_Status	Validation_Status	Mutation_Status	Sequencing_Phase	Sequence_Source	Validation_Method	Score	BAM_File	Sequencer	Tumor_Sample_UUID	Matched_Norm_Sample_UUID	HGVSc	HGVSp	HGVSp_Short	Transcript_ID	Exon_Number	t_depth	t_ref_count	t_alt_count	n_depth	n_ref_count	n_alt_count	all_effects	Allele	Gene	Feature	Feature_type	Consequence	cDNA_position	CDS_position	Protein_position	Amino_acids	Codons	Existing_variation	ALLELE_NUM	DISTANCE	STRAND	SYMBOL	SYMBOL_SOURCE	HGNC_ID	BIOTYPE	CANONICAL	CCDS	ENSP	SWISSPROT	TREMBL	UNIPARC	RefSeq	SIFT	PolyPhen	EXON	INTRON	DOMAINS	GMAF	AFR_MAF	AMR_MAF	ASN_MAF	EAS_MAF	EUR_MAF	SAS_MAF	AA_MAF	EA_MAF	CLIN_SIG	SOMATIC	PUBMED	MOTIF_NAME	MOTIF_POS	HIGH_INF_POS	MOTIF_SCORE_CHANGE	IMPACT	PICK	VARIANT_CLASS	TSL	HGVS_OFFSET	PHENO	MINIMISED	ExAC_AF	ExAC_AF_AFR	ExAC_AF_AMR	ExAC_AF_EAS	ExAC_AF_FIN	ExAC_AF_NFE	ExAC_AF_OTH	ExAC_AF_SAS	GENE_PHENO	FILTER	COSMIC	CENTERS	CONTEXT	DBVS	NCALLERS
#	2	4
ABCA12	0	.	GRCh37	2	215875146	215875146	+	Missense_Mutation	SNP	C	C	T	.	.	TCGA-D1-A103-01A-11D-A10M-09	TCGA-D1-A103-10A-01D-A10M-09	C	C	.	.	.	.	.	.	.	.	.	.	.	.	.	.	.	c.2381G>A	p.Gly794Glu	p.G794E	ENST00000272895	18/53	83	56	27	214	214	0	ABCA12,missense_variant,p.Gly476Glu,ENST00000389661,;ABCA12,missense_variant,p.Gly794Glu,ENST00000272895,;	T	ENSG00000144452	ENST00000272895	Transcript	missense_variant	2601	2381	794	G/E	gGa/gAa	COSM1016124	.	.	-1	ABCA12	HGNC	14637	protein_coding	YES	CCDS33372.1	ENSP00000272895	ABCAC_HUMAN	A0SYP7_HUMAN	UPI000019AB7A	.	deleterious(0)	probably_damaging(0.996)	18/53	.	hmmpanther:PTHR19229:SF29,hmmpanther:PTHR19229	.	.	.	.	.	.	.	.	.	.	1	.	.	.	.	.	MODERATE	.	SNV	.	.	1	.	.	.	.	.	.	.	.	.	.	PASS	NONE	MUTECT|RADIA|SOMATICSNIPER|MUSE|VARSCANS	CAGGTCCAGCG	.	5
ABCA12	0	.	GRCh37	2	215875150	215875150	+	Missense_Mutation	SNP	C	C	T	rs762700120	.	TCGA-D1-A103-01A-11D-A10M-09	TCGA-D1-A103-10A-01D-A10M-09	C	C	.	.	.	.	.	.	.	.	.	.	.	.	.	.	.	c.2377G>A	p.Ala793Thr	p.A793T	ENST00000272895	18/53	83	51	31	206	206	0	ABCA12,missense_variant,p.Ala475Thr,ENST00000389661,;ABCA12,missense_variant,p.Ala793Thr,ENST00000272895,;	T	ENSG00000144452	ENST00000272895	Transcript	missense_variant	2597	2377	793	A/T	Gct/Act	rs762700120,COSM3798613,COSM1016125	.	.	-1	ABCA12	HGNC	14637	protein_coding	YES	CCDS33372.1	ENSP00000272895	ABCAC_HUMAN	A0SYP7_HUMAN	UPI000019AB7A	.	tolerated(0.88)	benign(0.044)	18/53	.	hmmpanther:PTHR19229:SF29,hmmpanther:PTHR19229	.	.	.	.	.	.	.	.	.	.	0,1,1	.	.	.	.	.	MODERATE	.	SNV	.	.	0,1,1	.	.	.	.	.	.	.	.	.	.	PASS	NONE	SOMATICSNIPER|RADIA|MUTECT|MUSE|VARSCANS	TCCAGCGGGCA	byFrequency	5
#	2	1
ADAMTS10	0	.	GRCh37	19	8656874	8656875	+	Frame_Shift_Ins	INS	-	-	G	novel	.	TCGA-05-4390-01A-02D-1753-08	TCGA-05-4390-10A-01D-1753-08	-	-	.	.	.	.	.	.	.	.	.	.	.	.	.	.	.	c.1700_1701insC	p.Ser568ValfsTer4	p.S568Vfs*4	ENST00000270328	13/25	26	13	12	21	21	0	ADAMTS10,frameshift_variant,p.Ser568ValfsTer4,ENST00000597188,;ADAMTS10,frameshift_variant,p.Ser568ValfsTer4,ENST00000270328,;ADAMTS10,frameshift_variant,p.Cys58SerfsTer131,ENST00000595838,;ADAMTS10,frameshift_variant,p.Cys58SerfsTer?,ENST00000593826,;ADAMTS10,3_prime_UTR_variant,,ENST00000593913,;ADAMTS10,3_prime_UTR_variant,,ENST00000596851,;ADAMTS10,non_coding_transcript_exon_variant,,ENST00000601163,;ADAMTS10,non_coding_transcript_exon_variant,,ENST00000603221,;ADAMTS10,non_coding_transcript_exon_variant,,ENST00000596236,;ADAMTS10,downstream_gene_variant,,ENST00000601872,;ADAMTS10,upstream_gene_variant,,ENST00000596911,;	G	ENSG00000142303	ENST00000270328	Transcript	frameshift_variant	1967-1968	1700-1701	567	V/VX	gtg/gtCg	.	.	.	-1	ADAMTS10	HGNC	13201	protein_coding	YES	CCDS12206.1	ENSP00000270328	ATS10_HUMAN	.	UPI000013D883	.	.	.	13/25	.	Prints_domain:PR01857,Superfamily_domains:SSF82895,SMART_domains:SM00209,Gene3D:2.20.100.10,Pfam_domain:PF00090,hmmpanther:PTHR13723:SF26,hmmpanther:PTHR13723,PROSITE_profiles:PS50092	.	.	.	.	.	.	.	.	.	.	.	.	.	.	.	.	HIGH	.	insertion	.	.	.	.	.	.	.	.	.	.	.	.	1	PASS	NONE	INDELOCATOR|VARSCANI	GAGGACACGCC	.	2
ADAMTS10	0	.	GRCh37	19	8656875	8656875	+	Missense_Mutation	SNP	A	A	C	novel	.	TCGA-05-4390-01A-02D-1753-08	TCGA-05-4390-10A-01D-1753-08	A	A	.	.	.	.	.	.	.	.	.	.	.	.	.	.	.	c.1700T>G	p.Val567Gly	p.V567G	ENST00000270328	13/25	22	12	10	21	21	0	ADAMTS10,missense_variant,p.Val567Gly,ENST00000597188,;ADAMTS10,missense_variant,p.Val567Gly,ENST00000270328,;ADAMTS10,missense_variant,p.Cys58Gly,ENST00000595838,;ADAMTS10,missense_variant,p.Cys58Gly,ENST00000593826,;ADAMTS10,3_prime_UTR_variant,,ENST00000593913,;ADAMTS10,3_prime_UTR_variant,,ENST00000596851,;ADAMTS10,non_coding_transcript_exon_variant,,ENST00000601163,;ADAMTS10,non_coding_transcript_exon_variant,,ENST00000603221,;ADAMTS10,non_coding_transcript_exon_variant,,ENST00000596236,;ADAMTS10,downstream_gene_variant,,ENST00000601872,;ADAMTS10,upstream_gene_variant,,ENST00000596911,;	C	ENSG00000142303	ENST00000270328	Transcript	missense_variant	1967	1700	567	V/G	gTg/gGg	.	.	.	-1	ADAMTS10	HGNC	13201	protein_coding	YES	CCDS12206.1	ENSP00000270328	ATS10_HUMAN	.	UPI000013D883	.	deleterious(0)	possibly_damaging(0.828)	13/25	.	Prints_domain:PR01857,Superfamily_domains:SSF82895,SMART_domains:SM00209,Gene3D:2.20.100.10,Pfam_domain:PF00090,hmmpanther:PTHR13723:SF26,hmmpanther:PTHR13723,PROSITE_profiles:PS50092	.	.	.	.	.	.	.	.	.	.	.	.	.	.	.	.	MODERATE	.	SNV	.	.	.	.	.	.	.	.	.	.	.	.	1	PASS	NONE	SOMATICSNIPER|VARSCANS	AGGACACGCCG	.	2
